// Jest Snapshot v1, https://goo.gl/fbAQLP

exports[`Table should match snapshot when empty 1`] = `
<div>
  <div
    class="w-full my-4 animate-[fadeIn_0.3s_ease-in-out]"
  >
    <div
      class="hidden md:grid w-full h-[39.292px] rounded-[7.76px] pt-[11.65px] pb-[11.65px] bg-[#D6D6D6] gap-4 grid-cols-[2fr_1fr_1fr_1fr_1fr] items-center mb-4"
    >
      <div
        class="h-[16px] first:pl-4 text-[#898989] flex items-center justify-start"
      >
        <p
          class="font-inter font-bold text-[13.59px] leading-[100%] tracking-[5%]"
        >
          Job Title
        </p>
      </div>
      <div
        class="h-[16px] first:pl-4 text-[#898989] flex items-center justify-start"
      >
        <p
          class="font-inter font-bold text-[13.59px] leading-[100%] tracking-[5%]"
        >
          Job Type
        </p>
      </div>
      <div
        class="h-[16px] first:pl-4 text-[#898989] flex items-center justify-start"
      >
        <p
          class="font-inter font-bold text-[13.59px] leading-[100%] tracking-[5%]"
        >
          Skills
        </p>
      </div>
      <div
        class="h-[16px] first:pl-4 text-[#898989] flex items-center justify-start"
      >
        <p
          class="font-inter font-bold text-[13.59px] leading-[100%] tracking-[5%]"
        >
          Languages
        </p>
      </div>
      <div
        class="h-[16px] first:pl-4 text-[#898989] flex items-center justify-start"
      >
        <p
          class="font-inter font-bold text-[13.59px] leading-[100%] tracking-[5%]"
        >
          Tags
        </p>
      </div>
    </div>
    <div
      class="w-full py-8 text-center text-gray-500 animate-[fadeIn_0.3s_ease-in-out]"
    >
      No jobs found matching your criteria
    </div>
  </div>
</div>
`;

exports[`Table should match snapshot when loading 1`] = `
<div>
  <div
    class="w-full my-4"
    data-testid="table-skeleton"
  >
    <div
      class="w-full h-[39.292px] rounded-[7.76px] bg-gray-200 mb-4 hidden md:block"
    />
    <div
      class="w-full border-b border-gray-100 animate-pulse"
    >
      <div
        class="md:hidden p-4"
      >
        <div
          class="space-y-3"
        >
          <div
            class="w-3/4 h-5 bg-gray-100 rounded"
          />
          <div
            class="w-1/2 h-4 bg-gray-100 rounded"
          />
          <div
            class="flex gap-2"
          >
            <div
              class="w-20 h-4 bg-gray-100 rounded"
            />
            <div
              class="w-24 h-4 bg-gray-100 rounded"
            />
          </div>
        </div>
      </div>
      <div
        class="hidden md:grid h-[51px] grid-cols-[2fr_1fr_1fr_1fr_1fr] gap-4 items-center"
      >
        <div
          class="h-full rounded-[10px] p-1 pl-0"
        >
          <div
            class="h-full w-full bg-gray-100 rounded-[6px]"
          />
        </div>
        <div
          class="h-5 bg-gray-100 rounded"
        />
        <div
          class="h-5 bg-gray-100 rounded"
        />
        <div
          class="h-5 bg-gray-100 rounded"
        />
        <div
          class="h-5 bg-gray-100 rounded"
        />
      </div>
    </div>
    <div
      class="w-full border-b border-gray-100 animate-pulse"
    >
      <div
        class="md:hidden p-4"
      >
        <div
          class="space-y-3"
        >
          <div
            class="w-3/4 h-5 bg-gray-100 rounded"
          />
          <div
            class="w-1/2 h-4 bg-gray-100 rounded"
          />
          <div
            class="flex gap-2"
          >
            <div
              class="w-20 h-4 bg-gray-100 rounded"
            />
            <div
              class="w-24 h-4 bg-gray-100 rounded"
            />
          </div>
        </div>
      </div>
      <div
        class="hidden md:grid h-[51px] grid-cols-[2fr_1fr_1fr_1fr_1fr] gap-4 items-center"
      >
        <div
          class="h-full rounded-[10px] p-1 pl-0"
        >
          <div
            class="h-full w-full bg-gray-100 rounded-[6px]"
          />
        </div>
        <div
          class="h-5 bg-gray-100 rounded"
        />
        <div
          class="h-5 bg-gray-100 rounded"
        />
        <div
          class="h-5 bg-gray-100 rounded"
        />
        <div
          class="h-5 bg-gray-100 rounded"
        />
      </div>
    </div>
    <div
      class="w-full border-b border-gray-100 animate-pulse"
    >
      <div
        class="md:hidden p-4"
      >
        <div
          class="space-y-3"
        >
          <div
            class="w-3/4 h-5 bg-gray-100 rounded"
          />
          <div
            class="w-1/2 h-4 bg-gray-100 rounded"
          />
          <div
            class="flex gap-2"
          >
            <div
              class="w-20 h-4 bg-gray-100 rounded"
            />
            <div
              class="w-24 h-4 bg-gray-100 rounded"
            />
          </div>
        </div>
      </div>
      <div
        class="hidden md:grid h-[51px] grid-cols-[2fr_1fr_1fr_1fr_1fr] gap-4 items-center"
      >
        <div
          class="h-full rounded-[10px] p-1 pl-0"
        >
          <div
            class="h-full w-full bg-gray-100 rounded-[6px]"
          />
        </div>
        <div
          class="h-5 bg-gray-100 rounded"
        />
        <div
          class="h-5 bg-gray-100 rounded"
        />
        <div
          class="h-5 bg-gray-100 rounded"
        />
        <div
          class="h-5 bg-gray-100 rounded"
        />
      </div>
    </div>
    <div
      class="w-full border-b border-gray-100 animate-pulse"
    >
      <div
        class="md:hidden p-4"
      >
        <div
          class="space-y-3"
        >
          <div
            class="w-3/4 h-5 bg-gray-100 rounded"
          />
          <div
            class="w-1/2 h-4 bg-gray-100 rounded"
          />
          <div
            class="flex gap-2"
          >
            <div
              class="w-20 h-4 bg-gray-100 rounded"
            />
            <div
              class="w-24 h-4 bg-gray-100 rounded"
            />
          </div>
        </div>
      </div>
      <div
        class="hidden md:grid h-[51px] grid-cols-[2fr_1fr_1fr_1fr_1fr] gap-4 items-center"
      >
        <div
          class="h-full rounded-[10px] p-1 pl-0"
        >
          <div
            class="h-full w-full bg-gray-100 rounded-[6px]"
          />
        </div>
        <div
          class="h-5 bg-gray-100 rounded"
        />
        <div
          class="h-5 bg-gray-100 rounded"
        />
        <div
          class="h-5 bg-gray-100 rounded"
        />
        <div
          class="h-5 bg-gray-100 rounded"
        />
      </div>
    </div>
    <div
      class="w-full border-b border-gray-100 animate-pulse"
    >
      <div
        class="md:hidden p-4"
      >
        <div
          class="space-y-3"
        >
          <div
            class="w-3/4 h-5 bg-gray-100 rounded"
          />
          <div
            class="w-1/2 h-4 bg-gray-100 rounded"
          />
          <div
            class="flex gap-2"
          >
            <div
              class="w-20 h-4 bg-gray-100 rounded"
            />
            <div
              class="w-24 h-4 bg-gray-100 rounded"
            />
          </div>
        </div>
      </div>
      <div
        class="hidden md:grid h-[51px] grid-cols-[2fr_1fr_1fr_1fr_1fr] gap-4 items-center"
      >
        <div
          class="h-full rounded-[10px] p-1 pl-0"
        >
          <div
            class="h-full w-full bg-gray-100 rounded-[6px]"
          />
        </div>
        <div
          class="h-5 bg-gray-100 rounded"
        />
        <div
          class="h-5 bg-gray-100 rounded"
        />
        <div
          class="h-5 bg-gray-100 rounded"
        />
        <div
          class="h-5 bg-gray-100 rounded"
        />
      </div>
    </div>
  </div>
</div>
`;

exports[`Table should match snapshot with data 1`] = `
<div>
  <div
    class="w-full my-4 animate-[fadeIn_0.3s_ease-in-out]"
  >
    <div
      class="hidden md:grid w-full h-[39.292px] rounded-[7.76px] pt-[11.65px] pb-[11.65px] bg-[#D6D6D6] gap-4 grid-cols-[2fr_1fr_1fr_1fr_1fr] items-center mb-4"
    >
      <div
        class="h-[16px] first:pl-4 text-[#898989] flex items-center justify-start"
      >
        <p
          class="font-inter font-bold text-[13.59px] leading-[100%] tracking-[5%]"
        >
          Job Title
        </p>
      </div>
      <div
        class="h-[16px] first:pl-4 text-[#898989] flex items-center justify-start"
      >
        <p
          class="font-inter font-bold text-[13.59px] leading-[100%] tracking-[5%]"
        >
          Job Type
        </p>
      </div>
      <div
        class="h-[16px] first:pl-4 text-[#898989] flex items-center justify-start"
      >
        <p
          class="font-inter font-bold text-[13.59px] leading-[100%] tracking-[5%]"
        >
          Skills
        </p>
      </div>
      <div
        class="h-[16px] first:pl-4 text-[#898989] flex items-center justify-start"
      >
        <p
          class="font-inter font-bold text-[13.59px] leading-[100%] tracking-[5%]"
        >
          Languages
        </p>
      </div>
      <div
        class="h-[16px] first:pl-4 text-[#898989] flex items-center justify-start"
      >
        <p
          class="font-inter font-bold text-[13.59px] leading-[100%] tracking-[5%]"
        >
          Tags
        </p>
      </div>
    </div>
    <div
      class="w-full divide-y divide-gray-100"
    >
      <div
        class="w-full hover:bg-gray-50 cursor-pointer transition-all duration-200 animate-[slideUp_0.3s_ease-out]"
        data-testid="table-row"
        style="animation-delay: 0s;"
      >
        <div
          class="md:hidden p-4"
          data-testid="table-row-mobile"
        >
          <div
            class="space-y-2"
          >
            <h3
              class="font-medium text-base text-black"
            >
              Software Engineer
            </h3>
            <p
              class="text-sm text-gray-600"
            >
              Tech Corp
            </p>
            <div
              class="flex flex-wrap gap-2 text-xs text-gray-500"
            >
              <span>
                New York, NY
              </span>
              <span>
                •
              </span>
              <span>
                1 year ago
              </span>
            </div>
            <div
              class="flex flex-wrap gap-2 mt-2"
            >
              <span
                class="px-2 py-1 bg-gray-100 rounded-full text-xs"
              >
                full_time
              </span>
              <span
                class="px-2 py-1 bg-gray-100 rounded-full text-xs"
              >
                React
              </span>
              <span
                class="px-2 py-1 bg-gray-100 rounded-full text-xs"
              >
                TypeScript
              </span>
            </div>
          </div>
        </div>
        <div
          class="hidden md:grid h-[51px] grid-cols-[2fr_1fr_1fr_1fr_1fr] gap-4 items-center hover:scale-[1.01]"
          data-testid="table-row-desktop"
        >
          <div
            class="h-[51px] rounded-[10px] p-[4px] pl-0 gap-[10px] flex items-center"
          >
            <div
              class="w-full h-full bg-[#F9F9F9] rounded-[10px] pl-[8px] pr-[8px] gap-[10px] flex"
            >
              <div
                class="flex items-center justify-center w-[38px] h-[38px]"
              >
                <img
                  alt="Tech Corp logo"
                  class="rounded-full object-cover"
                  data-nimg="1"
                  decoding="async"
                  height="38"
                  loading="lazy"
                  src="/_next/image?url=%2Ffigma.png&w=96&q=75"
                  srcset="/_next/image?url=%2Ffigma.png&w=48&q=75 1x, /_next/image?url=%2Ffigma.png&w=96&q=75 2x"
                  style="color: transparent;"
                  width="38"
                />
              </div>
              <div
                class="w-[217px] h-[37px] gap-[4px] flex flex-col"
              >
                <div
                  class="w-[217px] h-[18px] flex items-center"
                >
                  <p
                    class="font-inter font-medium text-[12px] leading-[15px] tracking-[0%] truncate"
                    style="color: rgb(51, 51, 51);"
                  >
                    Software Engineer
                  </p>
                </div>
                <div
                  class="w-[217px] h-[18px] flex items-center"
                >
                  <p
                    class="font-inter font-normal text-[12px] leading-[15px] tracking-[0%] truncate"
                    style="color: rgb(143, 143, 143);"
                  >
                    Tech Corp, New York, NY - 1 year ago
                  </p>
                </div>
              </div>
            </div>
          </div>
          <div
            class="w-full h-[19px] flex items-center justify-start"
          >
            <p
              class="font-inter font-normal text-[16px] leading-[100%] tracking-[5%] text-black"
            >
              Formatted full_time
            </p>
          </div>
          <div
            class="w-full flex justify-start items-center gap-2 overflow-hidden"
          >
            <div
              class="flex justify-start items-center overflow-hidden"
            >
              <span
                class="text-sm text-black truncate"
                title="React, TypeScript"
              >
                React
              </span>
              <span
                class="ml-1 px-2 py-0.5 rounded-full text-xs font-medium bg-gray-100 text-gray-600"
                title="TypeScript"
              >
                +
                1
              </span>
            </div>
          </div>
          <div
            class="w-full flex justify-start items-center overflow-hidden"
          >
            <div
              class="flex justify-start items-center overflow-hidden"
            >
              <span
                class="text-sm text-black truncate"
                title="English"
              >
                English
              </span>
            </div>
          </div>
          <div
            class="w-full overflow-hidden"
          >
            <div
              class="flex justify-start items-center overflow-hidden"
            >
              <span
                class="text-sm text-black truncate"
                title="Remote"
              >
                Remote
              </span>
            </div>
          </div>
        </div>
      </div>
      <div
        class="w-full hover:bg-gray-50 cursor-pointer transition-all duration-200 animate-[slideUp_0.3s_ease-out]"
        data-testid="table-row"
        style="animation-delay: 0.05s;"
      >
        <div
          class="md:hidden p-4"
          data-testid="table-row-mobile"
        >
          <div
            class="space-y-2"
          >
            <h3
              class="font-medium text-base text-black"
            >
              Product Manager
            </h3>
            <p
              class="text-sm text-gray-600"
            >
              Product Co
            </p>
            <div
              class="flex flex-wrap gap-2 text-xs text-gray-500"
            >
              <span>
                Remote
              </span>
              <span>
                •
              </span>
              <span>
                1 year ago
              </span>
            </div>
            <div
              class="flex flex-wrap gap-2 mt-2"
            >
              <span
                class="px-2 py-1 bg-gray-100 rounded-full text-xs"
              >
                part_time
              </span>
              <span
                class="px-2 py-1 bg-gray-100 rounded-full text-xs"
              >
                Product Management
              </span>
              <span
                class="px-2 py-1 bg-gray-100 rounded-full text-xs"
              >
                Agile
              </span>
            </div>
          </div>
        </div>
        <div
          class="hidden md:grid h-[51px] grid-cols-[2fr_1fr_1fr_1fr_1fr] gap-4 items-center hover:scale-[1.01]"
          data-testid="table-row-desktop"
        >
          <div
            class="h-[51px] rounded-[10px] p-[4px] pl-0 gap-[10px] flex items-center"
          >
            <div
              class="w-full h-full bg-[#F9F9F9] rounded-[10px] pl-[8px] pr-[8px] gap-[10px] flex"
            >
              <div
                class="flex items-center justify-center w-[38px] h-[38px]"
              >
                <img
                  alt="Product Co logo"
                  class="rounded-full object-cover"
                  data-nimg="1"
                  decoding="async"
                  height="38"
                  loading="lazy"
                  src="/_next/image?url=%2Ffigma.png&w=96&q=75"
                  srcset="/_next/image?url=%2Ffigma.png&w=48&q=75 1x, /_next/image?url=%2Ffigma.png&w=96&q=75 2x"
                  style="color: transparent;"
                  width="38"
                />
              </div>
              <div
                class="w-[217px] h-[37px] gap-[4px] flex flex-col"
              >
                <div
                  class="w-[217px] h-[18px] flex items-center"
                >
                  <p
                    class="font-inter font-medium text-[12px] leading-[15px] tracking-[0%] truncate"
                    style="color: rgb(51, 51, 51);"
                  >
                    Product Manager
                  </p>
                </div>
                <div
                  class="w-[217px] h-[18px] flex items-center"
                >
                  <p
                    class="font-inter font-normal text-[12px] leading-[15px] tracking-[0%] truncate"
                    style="color: rgb(143, 143, 143);"
                  >
                    Product Co, Remote - 1 year ago
                  </p>
                </div>
              </div>
            </div>
          </div>
          <div
            class="w-full h-[19px] flex items-center justify-start"
          >
            <p
              class="font-inter font-normal text-[16px] leading-[100%] tracking-[5%] text-black"
            >
              Formatted part_time
            </p>
          </div>
          <div
            class="w-full flex justify-start items-center gap-2 overflow-hidden"
          >
            <div
              class="flex justify-start items-center overflow-hidden"
            >
              <span
                class="text-sm text-black truncate"
                title="Product Management, Agile"
              >
                Product Management
              </span>
              <span
                class="ml-1 px-2 py-0.5 rounded-full text-xs font-medium bg-gray-100 text-gray-600"
                title="Agile"
              >
                +
                1
              </span>
            </div>
          </div>
          <div
            class="w-full flex justify-start items-center overflow-hidden"
          >
            <div
              class="flex justify-start items-center overflow-hidden"
            >
              <span
                class="text-sm text-black truncate"
                title="English, Spanish"
              >
                English
              </span>
              <span
                class="ml-1 px-2 py-0.5 rounded-full text-xs font-medium bg-gray-100 text-gray-600"
                title="Spanish"
              >
                +
                1
              </span>
            </div>
          </div>
          <div
            class="w-full overflow-hidden"
          >
            <div
              class="flex justify-start items-center overflow-hidden"
            >
              <span
                class="text-sm text-black truncate"
                title="Tech, Product"
              >
                Tech
              </span>
              <span
                class="ml-1 px-2 py-0.5 rounded-full text-xs font-medium bg-blue-50 text-blue-600"
                title="Product"
              >
                +
                1
              </span>
            </div>
          </div>
        </div>
      </div>
    </div>
  </div>
</div>
`;
